Application Command raised an exception: FileNotFoundError: [WinError 3] The system cannot find the path specified: 'characters/655303532273991691'
